// Jest Snapshot v1, https://goo.gl/fbAQLP

exports[`Rich Text renders richtext widget 1`] = `
<div>
  <div
    class="widget-rich-text"
    id="RichText1"
    style="width: 100%; height: auto;"
  >
    <div />
  </div>
</div>
`;
